<html>
<body>
<pre>
<h1>µVision Build Log</h1>
<h2>Tool Versions:</h2>
IDE-Version: ¦ÌVision V5.26.2.0
Copyright (C) 2018 ARM Ltd and ARM Germany GmbH. All rights reserved.
License Information: Li Yue, dmd, LIC=Y2BZ9-4XU3I-F04N5-GZU4G-KPD1I-J3Z5G
 
Tool Versions:
Toolchain:       MDK-ARM Professional  Version: 5.26.2.0
Toolchain Path:  C:\Keil_v5\ARM\ARMCC\Bin
C Compiler:      Armcc.exe V5.06 update 6 (build 750)
Assembler:       Armasm.exe V5.06 update 6 (build 750)
Linker/Locator:  ArmLink.exe V5.06 update 6 (build 750)
Library Manager: ArmAr.exe V5.06 update 6 (build 750)
Hex Converter:   FromElf.exe V5.06 update 6 (build 750)
CPU DLL:         SARMCM3.DLL V5.26.2.0
Dialog DLL:      DCM.DLL V1.17.2.0
Target DLL:      UL2CM3.DLL V1.161.6.0
Dialog DLL:      TCM.DLL V1.36.1.0
 
<h2>Project:</h2>
D:\battery_charger\USER\battery_charger.uvprojx
Project File Date:  03/06/2020

<h2>Output:</h2>
*** Using Compiler 'V5.06 update 6 (build 750)', folder: 'C:\Keil_v5\ARM\ARMCC\Bin'
Build target 'battery_charger'
compiling system_stm32f10x.c...
compiling stm32f10x_it.c...
compiling main.c...
..\SYSTEM\spi\spi.h(6): warning:  #1295-D: Deprecated declaration spi1_init - give arg types
  void spi1_init();
..\SYSTEM\spi\spi.h(10): warning:  #1-D: last line of file ends without a newline
  #endif
operation.h(15): warning:  #1295-D: Deprecated declaration ChargeAbsent - give arg types
  void ChargeAbsent();
operation.h(16): warning:  #1295-D: Deprecated declaration ChargeAbnormal - give arg types
  void ChargeAbnormal();
operation.h(17): warning:  #1295-D: Deprecated declaration ChargeComplete - give arg types
  void ChargeComplete();
operation.h(18): warning:  #1295-D: Deprecated declaration Precharge - give arg types
  void Precharge();
operation.h(19): warning:  #1295-D: Deprecated declaration Fastcharge - give arg types
  void Fastcharge();
operation.h(20): warning:  #1295-D: Deprecated declaration Discharge - give arg types
  void Discharge();
operation.h(23): warning:  #1295-D: Deprecated declaration AdcCorrect - give arg types
  void AdcCorrect();
operation.h(27): warning:  #1295-D: Deprecated declaration CloseBypass - give arg types
  void CloseBypass();
..\HARDWARE\BQ76925\bq76925.h(6): warning:  #1-D: last line of file ends without a newline
  #endif
main.c(159): warning:  #111-D: statement is unreachable
  	time_stage2 = clock();  //acquire current timestamp
main.c: 12 warnings, 0 errors
compiling misc.c...
compiling operation.c...
operation.h(15): warning:  #1295-D: Deprecated declaration ChargeAbsent - give arg types
  void ChargeAbsent();
operation.h(16): warning:  #1295-D: Deprecated declaration ChargeAbnormal - give arg types
  void ChargeAbnormal();
operation.h(17): warning:  #1295-D: Deprecated declaration ChargeComplete - give arg types
  void ChargeComplete();
operation.h(18): warning:  #1295-D: Deprecated declaration Precharge - give arg types
  void Precharge();
operation.h(19): warning:  #1295-D: Deprecated declaration Fastcharge - give arg types
  void Fastcharge();
operation.h(20): warning:  #1295-D: Deprecated declaration Discharge - give arg types
  void Discharge();
operation.h(23): warning:  #1295-D: Deprecated declaration AdcCorrect - give arg types
  void AdcCorrect();
operation.h(27): warning:  #1295-D: Deprecated declaration CloseBypass - give arg types
  void CloseBypass();
..\SYSTEM\spi\spi.h(6): warning:  #1295-D: Deprecated declaration spi1_init - give arg types
  void spi1_init();
..\SYSTEM\spi\spi.h(10): warning:  #1-D: last line of file ends without a newline
  #endif
operation.c: 10 warnings, 0 errors
compiling core_cm3.c...
compiling stm32f10x_bkp.c...
compiling stm32f10x_adc.c...
compiling stm32f10x_cec.c...
compiling stm32f10x_can.c...
compiling stm32f10x_crc.c...
compiling stm32f10x_dac.c...
compiling stm32f10x_dma.c...
compiling stm32f10x_dbgmcu.c...
compiling stm32f10x_exti.c...
compiling stm32f10x_flash.c...
compiling stm32f10x_fsmc.c...
compiling stm32f10x_i2c.c...
compiling stm32f10x_gpio.c...
compiling stm32f10x_iwdg.c...
compiling stm32f10x_rtc.c...
compiling stm32f10x_rcc.c...
compiling stm32f10x_pwr.c...
compiling stm32f10x_tim.c...
compiling stm32f10x_spi.c...
compiling stm32f10x_sdio.c...
compiling stm32f10x_wwdg.c...
compiling delay.c...
compiling i2c.c...
compiling stm32f10x_usart.c...
compiling stmflash.c...
compiling spi.c...
..\SYSTEM\spi\spi.h(6): warning:  #1295-D: Deprecated declaration spi1_init - give arg types
  void spi1_init();
..\SYSTEM\spi\spi.h(10): warning:  #1-D: last line of file ends without a newline
  #endif
..\SYSTEM\spi\spi.c: 2 warnings, 0 errors
compiling timer.c...
compiling bq76925.c...
..\HARDWARE\BQ76925\bq76925.h(6): warning:  #1-D: last line of file ends without a newline
  #endif
..\SYSTEM\spi\spi.h(6): warning:  #1295-D: Deprecated declaration spi1_init - give arg types
  void spi1_init();
..\SYSTEM\spi\spi.h(10): warning:  #1-D: last line of file ends without a newline
  #endif
..\HARDWARE\BQ76925\bq76925.c: 3 warnings, 0 errors
compiling sys.c...
linking...
Program Size: Code=10176 RO-data=268 RW-data=40 ZI-data=1632  
"..\OBJ\battery_charger.axf" - 0 Error(s), 27 Warning(s).

<h2>Software Packages used:</h2>

Package Vendor: Keil
                http://www.keil.com/pack/Keil.STM32F1xx_DFP.2.3.0.pack
                Keil.STM32F1xx_DFP.2.3.0
                STMicroelectronics STM32F1 Series Device Support, Drivers and Examples

<h2>Collection of Component include folders:</h2>
  .\RTE\_battery_charger
  C:\Keil_v5\ARM\PACK\Keil\STM32F1xx_DFP\2.3.0\Device\Include

<h2>Collection of Component Files used:</h2>
Build Time Elapsed:  00:00:13
</pre>
</body>
</html>
